
> sih-25199-frontend@1.0.0 build
> next build

  Γû▓ Next.js 14.2.3

   Linting and checking validity of types ...
   Creating an optimized production build ...
 Γ£ô Compiled successfully
   Collecting page data ...
   Generating static pages (0/5) ...
node.exe : Error: useAuth must be used within an AuthProvider
At line:1 char:1
+ & "C:\Program Files\nodejs/node.exe" "C:\Program Files\nodejs/node_mo ...
+ ~~~~~~~~~~~~~~~~~~~~~~~~~~~~~~~~~~~~~~~~~~~~~~~~~~~~~~~~~~~~~~~~~~~~~
    + CategoryInfo          : NotSpecified: (Error: useAuth ...an AuthProvider:String) [], RemoteException
    + FullyQualifiedErrorId : NativeCommandError
 
    at g (C:\Users\manos\OneDrive\Desktop\My Projects\SIH_25199\frontend\.next\server\pages\login.js:1:640)
    at k (C:\Users\manos\OneDrive\Desktop\My Projects\SIH_25199\frontend\.next\server\pages\login.js:1:1266)
    at Wc (C:\Users\manos\OneDrive\Desktop\My 
Projects\SIH_25199\frontend\node_modules\react-dom\cjs\react-dom-server.browser.production.min.js:68:44)
    at Zc (C:\Users\manos\OneDrive\Desktop\My 
Projects\SIH_25199\frontend\node_modules\react-dom\cjs\react-dom-server.browser.production.min.js:70:253)
    at Z (C:\Users\manos\OneDrive\Desktop\My 
Projects\SIH_25199\frontend\node_modules\react-dom\cjs\react-dom-server.browser.production.min.js:76:89)
    at Xc (C:\Users\manos\OneDrive\Desktop\My 
Projects\SIH_25199\frontend\node_modules\react-dom\cjs\react-dom-server.browser.production.min.js:68:409)
    at Zc (C:\Users\manos\OneDrive\Desktop\My 
Projects\SIH_25199\frontend\node_modules\react-dom\cjs\react-dom-server.browser.production.min.js:70:210)
    at Z (C:\Users\manos\OneDrive\Desktop\My 
Projects\SIH_25199\frontend\node_modules\react-dom\cjs\react-dom-server.browser.production.min.js:76:89)
    at Zc (C:\Users\manos\OneDrive\Desktop\My 
Projects\SIH_25199\frontend\node_modules\react-dom\cjs\react-dom-server.browser.production.min.js:70:481)
    at Z (C:\Users\manos\OneDrive\Desktop\My 
Projects\SIH_25199\frontend\node_modules\react-dom\cjs\react-dom-server.browser.production.min.js:76:89)

Error occurred prerendering page "/login". Read more: https://nextjs.org/docs/messages/prerender-error

Error: useAuth must be used within an AuthProvider
    at g (C:\Users\manos\OneDrive\Desktop\My Projects\SIH_25199\frontend\.next\server\pages\login.js:1:640)
    at k (C:\Users\manos\OneDrive\Desktop\My Projects\SIH_25199\frontend\.next\server\pages\login.js:1:1266)
    at Wc (C:\Users\manos\OneDrive\Desktop\My 
Projects\SIH_25199\frontend\node_modules\react-dom\cjs\react-dom-server.browser.production.min.js:68:44)
    at Zc (C:\Users\manos\OneDrive\Desktop\My 
Projects\SIH_25199\frontend\node_modules\react-dom\cjs\react-dom-server.browser.production.min.js:70:253)
    at Z (C:\Users\manos\OneDrive\Desktop\My 
Projects\SIH_25199\frontend\node_modules\react-dom\cjs\react-dom-server.browser.production.min.js:76:89)
    at Xc (C:\Users\manos\OneDrive\Desktop\My 
Projects\SIH_25199\frontend\node_modules\react-dom\cjs\react-dom-server.browser.production.min.js:68:409)
    at Zc (C:\Users\manos\OneDrive\Desktop\My 
Projects\SIH_25199\frontend\node_modules\react-dom\cjs\react-dom-server.browser.production.min.js:70:210)
    at Z (C:\Users\manos\OneDrive\Desktop\My 
Projects\SIH_25199\frontend\node_modules\react-dom\cjs\react-dom-server.browser.production.min.js:76:89)
    at Zc (C:\Users\manos\OneDrive\Desktop\My 
Projects\SIH_25199\frontend\node_modules\react-dom\cjs\react-dom-server.browser.production.min.js:70:481)
    at Z (C:\Users\manos\OneDrive\Desktop\My 
Projects\SIH_25199\frontend\node_modules\react-dom\cjs\react-dom-server.browser.production.min.js:76:89)
   Generating static pages (1/5) 
   Generating static pages (2/5) 
   Generating static pages (3/5) 
 Γ£ô Generating static pages (5/5)

> Export encountered errors on following paths:
	/login
